// Vitest Snapshot v1, https://vitest.dev/guide/snapshot.html

exports[`DTO snapshot tests > counterparty.dto matches snapshot 1`] = `
"import { z } from 'zod';
import { CounterpartyAccount } from './counterparty.account.dto.js';

// from Counterparty (/Users/robert/projects/contract-dsl/.auto-claude/worktrees/tasks/002-update-cli-and-lsp-with-grammar/contracts/types/modules/transfers/counterparty.dto:1)
const CounterpartyBase = z.strictObject({
    id: z.uuid().describe("The counterparty identifier"),
    name: z.string().min(1).max(100).describe("The counterparty identifier"),
    email: z.email().optional().describe("The counterparty name"),
    active: z.boolean().default(true).describe("The counterparty email"),
    accounts: z.array(CounterpartyAccount).describe("Whether the counterparty is active"),
});

export const Counterparty = z.strictObject({
    id: z.uuid().describe("The counterparty identifier"),
    name: z.string().min(1).max(100).describe("The counterparty identifier"),
    email: z.email().optional().describe("The counterparty name"),
    active: z.boolean().default(true).describe("The counterparty email"),
    accounts: z.array(CounterpartyAccount).describe("Whether the counterparty is active"),
});
export type Counterparty = z.infer<typeof Counterparty>;

export const CounterpartyInput = z.strictObject({
    name: z.string().min(1).max(100).describe("The counterparty identifier"),
    email: z.email().optional().describe("The counterparty name"),
    active: z.boolean().default(true).describe("The counterparty email"),
    accounts: z.array(CounterpartyAccount).describe("Whether the counterparty is active"),
});
export type CounterpartyInput = z.infer<typeof CounterpartyInput>;
"
`;

exports[`DTO snapshot tests > ledger.account.dto matches snapshot 1`] = `
"import { z } from 'zod';
import { DateTime } from 'luxon';

// from CustomCurrency (/Users/robert/projects/contract-dsl/.auto-claude/worktrees/tasks/002-update-cli-and-lsp-with-grammar/contracts/types/modules/ledger/ledger.account.dto:1)
export const CustomCurrency = z.strictObject({
    code: z.string().length(3).describe("ISO currency code"),
    exponent: z.int().describe("ISO currency code"),
});
export type CustomCurrency = z.infer<typeof CustomCurrency>;

// from LedgerAccount (/Users/robert/projects/contract-dsl/.auto-claude/worktrees/tasks/002-update-cli-and-lsp-with-grammar/contracts/types/modules/ledger/ledger.account.dto:6)
const LedgerAccountBase = z.strictObject({
    id: z.uuid().describe("The account identifier"),
    name: z.string().min(3).max(100).describe("The account identifier"),
    normality: z.enum(["credit", "debit"]).describe("Account name"),
    currency: z.union([z.string().length(3), CustomCurrency]).default("USD").describe("Account normality"),
    description: z.string().max(1024).optional().describe("Currency code or custom currency"),
    createdAt: z.custom<DateTime>((val) => val instanceof DateTime, { error: 'Must be a Luxon DateTime' }).describe("Optional account description"),
    updatedAt: z.custom<DateTime>((val) => val instanceof DateTime, { error: 'Must be a Luxon DateTime' }).describe("The account creation date"),
    version: z.int().describe("The account last update date"),
});

export const LedgerAccount = z.strictObject({
    id: z.uuid().describe("The account identifier"),
    name: z.string().min(3).max(100).describe("The account identifier"),
    normality: z.enum(["credit", "debit"]).describe("Account name"),
    currency: z.union([z.string().length(3), CustomCurrency]).default("USD").describe("Account normality"),
    description: z.string().max(1024).optional().describe("Currency code or custom currency"),
    createdAt: z.custom<DateTime>((val) => val instanceof DateTime, { error: 'Must be a Luxon DateTime' }).describe("Optional account description"),
    updatedAt: z.custom<DateTime>((val) => val instanceof DateTime, { error: 'Must be a Luxon DateTime' }).describe("The account creation date"),
    version: z.int().describe("The account last update date"),
});
export type LedgerAccount = z.infer<typeof LedgerAccount>;

export const LedgerAccountInput = z.strictObject({
    name: z.string().min(3).max(100).describe("The account identifier"),
    normality: z.enum(["credit", "debit"]).describe("Account name"),
    currency: z.union([z.string().length(3), CustomCurrency]).default("USD").describe("Account normality"),
    description: z.string().max(1024).optional().describe("Currency code or custom currency"),
});
export type LedgerAccountInput = z.infer<typeof LedgerAccountInput>;
"
`;

exports[`DTO snapshot tests > pagination.dto matches snapshot 1`] = `
"import { z } from 'zod';

// from Pagination (/Users/robert/projects/contract-dsl/.auto-claude/worktrees/tasks/002-update-cli-and-lsp-with-grammar/contracts/types/shared/pagination.dto:1)
const PaginationBase = z.strictObject({
    page: z.int().min(0).default(0).describe("Page number"),
    pageSize: z.int().min(1).max(100).default(25).describe("Page number"),
    sort: z.enum(["asc", "desc"]).default("desc").describe("Page size"),
    total: z.int().min(0).describe("Sort order"),
});

export const Pagination = z.strictObject({
    page: z.int().min(0).default(0).describe("Page number"),
    pageSize: z.int().min(1).max(100).default(25).describe("Page number"),
    sort: z.enum(["asc", "desc"]).default("desc").describe("Page size"),
});
export type Pagination = z.infer<typeof Pagination>;

export const PaginationInput = z.strictObject({
    page: z.int().min(0).default(0).describe("Page number"),
    pageSize: z.int().min(1).max(100).default(25).describe("Page number"),
    sort: z.enum(["asc", "desc"]).default("desc").describe("Page size"),
    total: z.int().min(0).describe("Sort order"),
});
export type PaginationInput = z.infer<typeof PaginationInput>;
"
`;

exports[`OP snapshot tests > ledger.op matches snapshot 1`] = `
"import { z } from 'zod';
import { ServerKitRouter, bodyParserMiddleware } from '@maroonedsoftware/koa';
import { LedgerService } from '#modules/ledger/ledger.service.js';
import { AccountBalances, GetAccountBalancesQuery, LedgerAccount, LedgerCategory, LedgerTransaction, ListAccountTransactionsQuery, PaginationQuery } from '#modules/ledger/types/index.js';
import { parseAndValidate } from '#src/shared/validator.js';

export const LedgerRouter = ServerKitRouter();

// from /ledger/accounts POST (/Users/robert/projects/contract-dsl/.auto-claude/worktrees/tasks/002-update-cli-and-lsp-with-grammar/contracts/operations/ledger.op:2)
LedgerRouter.post('/ledger/accounts', bodyParserMiddleware(['json']), async (ctx, next) => {
    const body = await parseAndValidate(ctx.body, LedgerAccount);

    const service = ctx.container.get(LedgerService);
    const result: LedgerAccount = await service.create(body);

    ctx.status = 200;
    ctx.type = 'application/json';
    ctx.body = result;

    await next();
});

// from /ledger/accounts GET (/Users/robert/projects/contract-dsl/.auto-claude/worktrees/tasks/002-update-cli-and-lsp-with-grammar/contracts/operations/ledger.op:12)
LedgerRouter.get('/ledger/accounts', async (ctx, next) => {
    const query = await parseAndValidate(ctx.query, PaginationQuery);

    const service = ctx.container.get(LedgerService);
    const result: LedgerAccount[] = await service.list();

    ctx.status = 200;
    ctx.type = 'application/json';
    ctx.body = result;

    await next();
});

// from /ledger/accounts/:accountId GET (/Users/robert/projects/contract-dsl/.auto-claude/worktrees/tasks/002-update-cli-and-lsp-with-grammar/contracts/operations/ledger.op:23)
LedgerRouter.get('/ledger/accounts/:accountId', async (ctx, next) => {
    const service = ctx.container.get(LedgerService);
    const result: LedgerAccount = await service.getById();

    ctx.status = 200;
    ctx.type = 'application/json';
    ctx.body = result;

    await next();
});

// from /ledger/accounts/:accountId/balances GET (/Users/robert/projects/contract-dsl/.auto-claude/worktrees/tasks/002-update-cli-and-lsp-with-grammar/contracts/operations/ledger.op:36)
LedgerRouter.get('/ledger/accounts/:accountId/balances', async (ctx, next) => {
    const { accountId } = await parseAndValidate(
        ctx.params,
        z.strictObject({
            accountId: z.uuid(),
        }),
    );

    const query = await parseAndValidate(ctx.query, GetAccountBalancesQuery);

    const service = ctx.container.get(LedgerService);
    const result: AccountBalances = await service.getById(accountId);

    ctx.status = 200;
    ctx.type = 'application/json';
    ctx.body = result;

    await next();
});

// from /ledger/accounts/:accountId/transactions GET (/Users/robert/projects/contract-dsl/.auto-claude/worktrees/tasks/002-update-cli-and-lsp-with-grammar/contracts/operations/ledger.op:47)
LedgerRouter.get('/ledger/accounts/:accountId/transactions', async (ctx, next) => {
    const query = await parseAndValidate(ctx.query, ListAccountTransactionsQuery);

    const service = ctx.container.get(LedgerService);
    const result: LedgerTransaction[] = await service.getById();

    ctx.status = 200;
    ctx.type = 'application/json';
    ctx.body = result;

    await next();
});

// from /ledger/accounts/:accountId/categories GET (/Users/robert/projects/contract-dsl/.auto-claude/worktrees/tasks/002-update-cli-and-lsp-with-grammar/contracts/operations/ledger.op:58)
LedgerRouter.get('/ledger/accounts/:accountId/categories', async (ctx, next) => {
    const service = ctx.container.get(LedgerService);
    const result: LedgerCategory[] = await service.getById();

    ctx.status = 200;
    ctx.type = 'application/json';
    ctx.body = result;

    await next();
});

// from /ledger/accounts/:accountId/categories/:categoryId PUT (/Users/robert/projects/contract-dsl/.auto-claude/worktrees/tasks/002-update-cli-and-lsp-with-grammar/contracts/operations/ledger.op:68)
LedgerRouter.put('/ledger/accounts/:accountId/categories/:categoryId', async (ctx, next) => {
    const service = ctx.container.get(LedgerService);
    const result: LedgerAccount = await service.updateCategoryMembership();

    ctx.status = 200;
    ctx.type = 'application/json';
    ctx.body = result;

    await next();
});

// from /ledger/accounts/:accountId/categories/:categoryId DELETE (/Users/robert/projects/contract-dsl/.auto-claude/worktrees/tasks/002-update-cli-and-lsp-with-grammar/contracts/operations/ledger.op:76)
LedgerRouter.delete('/ledger/accounts/:accountId/categories/:categoryId', async (ctx, next) => {
    const service = ctx.container.get(LedgerService);
    await service.updateCategoryMembership();

    ctx.status = 204;

    await next();
});


// Register in apps/api/src/routes/routes.setup.ts:
// import { LedgerRouter } from './ledger.router';
// server.use(LedgerRouter.routes()).use(LedgerRouter.allowedMethods());"
`;

exports[`OP snapshot tests > transfers.op matches snapshot 1`] = `
"import { z } from 'zod';
import { ServerKitRouter, bodyParserMiddleware } from '@maroonedsoftware/koa';
import { TransfersService } from '#modules/transfers/transfers.service.js';
import { CreateTransferIntent, Pagination, Routing, TransferIntent } from '#modules/transfers/types/index.js';
import { parseAndValidate } from '#src/shared/validator.js';

export const TransfersRouter = ServerKitRouter();

// from /transfers/fi POST (/Users/robert/projects/contract-dsl/.auto-claude/worktrees/tasks/002-update-cli-and-lsp-with-grammar/contracts/operations/transfers.op:2)
TransfersRouter.post('/transfers/fi', bodyParserMiddleware(['json']), async (ctx, next) => {
    const body = await parseAndValidate(ctx.body, Routing);

    const service = ctx.container.get(TransfersService);
    const result: Routing = await service.create(body);

    ctx.status = 201;
    ctx.type = 'application/json';
    ctx.body = result;

    await next();
});

// from /transfers POST (/Users/robert/projects/contract-dsl/.auto-claude/worktrees/tasks/002-update-cli-and-lsp-with-grammar/contracts/operations/transfers.op:15)
TransfersRouter.post('/transfers', bodyParserMiddleware(['json']), async (ctx, next) => {
    const body = await parseAndValidate(ctx.body, CreateTransferIntent);

    const service = ctx.container.get(TransfersService);
    const result: TransferIntent = await service.handle(body);

    ctx.status = 201;
    ctx.type = 'application/json';
    ctx.body = result;

    await next();
});

// from /transfers GET (/Users/robert/projects/contract-dsl/.auto-claude/worktrees/tasks/002-update-cli-and-lsp-with-grammar/contracts/operations/transfers.op:26)
TransfersRouter.get('/transfers', async (ctx, next) => {
    const query = await parseAndValidate(ctx.query, Pagination);

    const service = ctx.container.get(TransfersService);
    const result: TransferIntent[] = await service.handle();

    ctx.status = 200;
    ctx.type = 'application/json';
    ctx.body = result;

    await next();
});

// from /transfers/:id GET (/Users/robert/projects/contract-dsl/.auto-claude/worktrees/tasks/002-update-cli-and-lsp-with-grammar/contracts/operations/transfers.op:38)
TransfersRouter.get('/transfers/:id', async (ctx, next) => {
    const service = ctx.container.get(TransfersService);
    const result: TransferIntent = await service.getIntent();

    ctx.status = 200;
    ctx.type = 'application/json';
    ctx.body = result;

    await next();
});


// Register in apps/api/src/routes/routes.setup.ts:
// import { TransfersRouter } from './transfers.router';
// server.use(TransfersRouter.routes()).use(TransfersRouter.allowedMethods());"
`;
